// Jest Snapshot v1, https://goo.gl/fbAQLP

exports[`WorklogShiftView should show the estimations for the current user and issue when loading is done 1`] = `
Object {
  "asFragment": [Function],
  "baseElement": <body>
    <div>
      This is just work in Progress
      <div
        class="estimationShiftContainer"
      >
        <table>
          <thead>
            <tr>
              <th>
                Author
              </th>
              <th>
                Comment
              </th>
              <th>
                Start
              </th>
              <th>
                Time Spent
              </th>
              <th>
                Time to move
              </th>
              <th>
                Move
              </th>
            </tr>
          </thead>
          <tbody>
            <tr>
              <td>
                <input
                  disabled=""
                  style="text-align: center;"
                  type="text"
                  value="Me"
                />
              </td>
              <td>
                <input
                  disabled=""
                  style="text-align: center;"
                  type="text"
                  value="first step"
                />
              </td>
              <td>
                <input
                  disabled=""
                  style="text-align: center;"
                  type="text"
                  value="2019-10-01 01:02:03"
                />
              </td>
              <td>
                <input
                  disabled=""
                  style="text-align: center;"
                  type="text"
                  value="1m"
                />
              </td>
              <td>
                <input
                  placeholder="5h 9m"
                  style="text-align: center;"
                  type="text"
                  value="1m"
                />
              </td>
              <td>
                <button
                  title="move"
                >
                  &gt;
                </button>
              </td>
            </tr>
            <tr>
              <td>
                <input
                  disabled=""
                  style="text-align: center;"
                  type="text"
                  value="Me Too"
                />
              </td>
              <td>
                <input
                  disabled=""
                  style="text-align: center;"
                  type="text"
                  value="second step"
                />
              </td>
              <td>
                <input
                  disabled=""
                  style="text-align: center;"
                  type="text"
                  value="2020-01-10 01:03:04"
                />
              </td>
              <td>
                <input
                  disabled=""
                  style="text-align: center;"
                  type="text"
                  value="2m"
                />
              </td>
              <td>
                <input
                  placeholder="5h 9m"
                  style="text-align: center;"
                  type="text"
                  value="2m"
                />
              </td>
              <td>
                <button
                  title="move"
                >
                  &gt;
                </button>
              </td>
            </tr>
          </tbody>
        </table>
        <label
          style="text-align: center; align-self: baseline;"
        >
          Target
          <div
            class="estimationShiftCardContainer"
            title="issue-1234: something todo"
          >
            <label>
              Issue 
              <input
                disabled=""
                type="text"
                value="issue-1234"
              />
            </label>
            <label>
              Original Estimate 
              <input
                disabled=""
                type="text"
                value="1w 2d"
              />
            </label>
            <label>
              Remaining Estimate 
              <input
                disabled=""
                type="text"
                value="4h 15m"
              />
            </label>
          </div>
        </label>
      </div>
    </div>
  </body>,
  "container": <div>
    This is just work in Progress
    <div
      class="estimationShiftContainer"
    >
      <table>
        <thead>
          <tr>
            <th>
              Author
            </th>
            <th>
              Comment
            </th>
            <th>
              Start
            </th>
            <th>
              Time Spent
            </th>
            <th>
              Time to move
            </th>
            <th>
              Move
            </th>
          </tr>
        </thead>
        <tbody>
          <tr>
            <td>
              <input
                disabled=""
                style="text-align: center;"
                type="text"
                value="Me"
              />
            </td>
            <td>
              <input
                disabled=""
                style="text-align: center;"
                type="text"
                value="first step"
              />
            </td>
            <td>
              <input
                disabled=""
                style="text-align: center;"
                type="text"
                value="2019-10-01 01:02:03"
              />
            </td>
            <td>
              <input
                disabled=""
                style="text-align: center;"
                type="text"
                value="1m"
              />
            </td>
            <td>
              <input
                placeholder="5h 9m"
                style="text-align: center;"
                type="text"
                value="1m"
              />
            </td>
            <td>
              <button
                title="move"
              >
                &gt;
              </button>
            </td>
          </tr>
          <tr>
            <td>
              <input
                disabled=""
                style="text-align: center;"
                type="text"
                value="Me Too"
              />
            </td>
            <td>
              <input
                disabled=""
                style="text-align: center;"
                type="text"
                value="second step"
              />
            </td>
            <td>
              <input
                disabled=""
                style="text-align: center;"
                type="text"
                value="2020-01-10 01:03:04"
              />
            </td>
            <td>
              <input
                disabled=""
                style="text-align: center;"
                type="text"
                value="2m"
              />
            </td>
            <td>
              <input
                placeholder="5h 9m"
                style="text-align: center;"
                type="text"
                value="2m"
              />
            </td>
            <td>
              <button
                title="move"
              >
                &gt;
              </button>
            </td>
          </tr>
        </tbody>
      </table>
      <label
        style="text-align: center; align-self: baseline;"
      >
        Target
        <div
          class="estimationShiftCardContainer"
          title="issue-1234: something todo"
        >
          <label>
            Issue 
            <input
              disabled=""
              type="text"
              value="issue-1234"
            />
          </label>
          <label>
            Original Estimate 
            <input
              disabled=""
              type="text"
              value="1w 2d"
            />
          </label>
          <label>
            Remaining Estimate 
            <input
              disabled=""
              type="text"
              value="4h 15m"
            />
          </label>
        </div>
      </label>
    </div>
  </div>,
  "debug": [Function],
  "findAllByAltText": [Function],
  "findAllByDisplayValue": [Function],
  "findAllByLabelText": [Function],
  "findAllByPlaceholderText": [Function],
  "findAllByRole": [Function],
  "findAllByTestId": [Function],
  "findAllByText": [Function],
  "findAllByTitle": [Function],
  "findByAltText": [Function],
  "findByDisplayValue": [Function],
  "findByLabelText": [Function],
  "findByPlaceholderText": [Function],
  "findByRole": [Function],
  "findByTestId": [Function],
  "findByText": [Function],
  "findByTitle": [Function],
  "getAllByAltText": [Function],
  "getAllByDisplayValue": [Function],
  "getAllByLabelText": [Function],
  "getAllByPlaceholderText": [Function],
  "getAllByRole": [Function],
  "getAllByTestId": [Function],
  "getAllByText": [Function],
  "getAllByTitle": [Function],
  "getByAltText": [Function],
  "getByDisplayValue": [Function],
  "getByLabelText": [Function],
  "getByPlaceholderText": [Function],
  "getByRole": [Function],
  "getByTestId": [Function],
  "getByText": [Function],
  "getByTitle": [Function],
  "queryAllByAltText": [Function],
  "queryAllByDisplayValue": [Function],
  "queryAllByLabelText": [Function],
  "queryAllByPlaceholderText": [Function],
  "queryAllByRole": [Function],
  "queryAllByTestId": [Function],
  "queryAllByText": [Function],
  "queryAllByTitle": [Function],
  "queryByAltText": [Function],
  "queryByDisplayValue": [Function],
  "queryByLabelText": [Function],
  "queryByPlaceholderText": [Function],
  "queryByRole": [Function],
  "queryByTestId": [Function],
  "queryByText": [Function],
  "queryByTitle": [Function],
  "rerender": [Function],
  "unmount": [Function],
}
`;
